--- Startup times for process: Primary (or UI client) ---

times in msec
 clock   self+sourced   self:  sourced script
 clock   elapsed:              other lines

000.017  000.017: --- NVIM STARTING ---
000.167  000.150: event init
000.487  000.321: early init
022.979  022.491: locale set
023.108  000.129: init first window
024.911  001.803: inits 1
025.332  000.421: window checked
026.406  001.074: parsing arguments
028.661  000.921  000.921: require('vim._core.shared')
030.467  000.012  000.012: require('string.buffer')
030.535  000.585  000.573: require('vim.inspect')
030.964  000.398  000.398: require('vim._core.options')
030.972  002.296  001.313: require('vim._core.editor')
031.236  000.260  000.260: require('vim._core.system')
031.242  003.712  000.235: require('vim._init_packages')
031.254  001.135: init lua interpreter
047.037  015.783: nvim_ui_attach
047.442  000.405: nvim_set_client_info
047.451  000.009: --- NVIM STARTED ---

--- Startup times for process: Embedded ---

times in msec
 clock   self+sourced   self:  sourced script
 clock   elapsed:              other lines

000.012  000.012: --- NVIM STARTING ---
000.086  000.074: event init
000.267  000.181: early init
018.324  018.057: locale set
018.404  000.080: init first window
019.308  000.904: inits 1
019.340  000.032: window checked
019.802  000.463: parsing arguments
021.434  000.727  000.727: require('vim._core.shared')
022.562  000.008  000.008: require('string.buffer')
022.624  000.365  000.358: require('vim.inspect')
023.015  000.368  000.368: require('vim._core.options')
023.022  001.572  000.839: require('vim._core.editor')
023.256  000.229  000.229: require('vim._core.system')
023.261  002.726  000.199: require('vim._init_packages')
023.271  000.742: init lua interpreter
083.053  059.783: expanding arguments
083.096  000.043: inits 2
083.617  000.521: init highlight
083.621  000.005: waiting for UI
083.864  000.243: done waiting for UI
083.879  000.014: clear screen
085.058  000.066  000.066: require('vim.keymap')
086.663  000.323  000.323: sourcing nvim_exec2()
086.830  000.060  000.060: require('vim._core.log')
091.431  002.068  002.068: require('vim.tty')
091.631  000.150  000.150: require('vim.text')
106.716  022.820  020.153: require('vim._core.defaults')
106.754  000.055: init default mappings & autocommands
107.715  000.543  000.543: sourcing C:\Program Files\Neovim\share\nvim\runtime\ftplugin.vim
108.584  000.465  000.465: sourcing C:\Program Files\Neovim\share\nvim\runtime\indent.vim
111.351  000.431  000.431: require('vim.fs')
112.025  000.660  000.660: require('vim.uri')
112.089  001.629  000.538: require('vim.loader')
114.524  001.974  001.974: require('lazy')
114.590  000.028  000.028: require('ffi')
115.225  000.624  000.624: require('lazy.stats')
116.426  000.877  000.877: require('lazy.core.util')
117.435  000.996  000.996: require('lazy.core.config')
118.916  000.692  000.692: require('lazy.core.handler')
121.166  000.714  000.714: require('lazy.pkg')
121.186  001.323  000.610: require('lazy.core.meta')
121.202  002.268  000.944: require('lazy.core.plugin')
121.224  003.779  000.819: require('lazy.core.loader')
122.412  000.719  000.719: require('lazy.core.fragments')
126.376  000.929  000.929: require('lazy.core.handler.event')
127.069  000.679  000.679: require('lazy.core.handler.ft')
127.828  000.745  000.745: require('lazy.core.handler.cmd')
128.668  000.820  000.820: require('lazy.core.handler.keys')
132.270  001.137  001.137: sourcing nvim_exec2() called at C:\Program Files\Neovim\share/nvim/runtime/filetype.lua:0
132.293  002.081  000.944: sourcing C:\Program Files\Neovim\share/nvim/runtime/filetype.lua
132.319  002.679  000.598: sourcing nvim_exec2() called at C:\Users\malco\AppData\Local\nvim\init.lua:0
132.679  000.007  000.007: sourcing nvim_exec2() called at C:\Users\malco\AppData\Local\nvim\init.lua:0
132.720  000.003  000.003: sourcing nvim_exec2() called at C:\Users\malco\AppData\Local\nvim\init.lua:0
135.034  002.303  002.303: require('bamboo')
141.874  000.334  000.334: require('bamboo')
145.637  000.975  000.975: require('bamboo.palette')
145.777  001.627  000.652: require('bamboo.colors')
146.404  000.611  000.611: require('bamboo.util')
146.798  004.120  001.882: require('bamboo.highlights')
149.130  000.721  000.721: require('bamboo.terminal')
149.207  008.216  003.041: sourcing C:\Users\malco\AppData\Local\nvim-data\lazy\bamboo.nvim\colors\bamboo.lua
149.509  000.015  000.015: sourcing nvim_exec2() called at C:\Users\malco\AppData\Local\nvim\init.lua:0
149.560  000.004  000.004: sourcing nvim_exec2() called at C:\Users\malco\AppData\Local\nvim\init.lua:0
150.782  000.008  000.008: sourcing nvim_exec2() called at C:\Users\malco\AppData\Local\nvim\init.lua:0
150.831  000.004  000.004: sourcing nvim_exec2() called at C:\Users\malco\AppData\Local\nvim\init.lua:0
155.925  000.690  000.690: require('diffview.lazy')
158.311  000.674  000.674: require('diffview.ffi')
159.093  000.769  000.769: require('diffview.oop')
159.139  002.272  000.829: require('diffview.async')
160.452  001.273  001.273: require('diffview.utils')
161.152  000.682  000.682: require('diffview.mock')
161.206  005.216  000.989: require('diffview.logger')
161.862  000.628  000.628: require('diffview.control')
162.477  000.574  000.574: require('diffview.events')
162.493  009.387  002.281: require('diffview.bootstrap')
162.528  010.099  000.712: sourcing C:/Users/malco/AppData/Local/nvim-data/lazy/diffview.nvim/plugin/diffview.lua
162.565  010.471  000.371: sourcing nvim_exec2() called at C:\Users\malco\AppData\Local\nvim\init.lua:0
162.598  000.013  000.013: sourcing nvim_exec2() called at C:\Users\malco\AppData\Local\nvim\init.lua:0
162.661  000.004  000.004: sourcing nvim_exec2() called at C:\Users\malco\AppData\Local\nvim\init.lua:0
162.941  000.006  000.006: sourcing nvim_exec2() called at C:\Users\malco\AppData\Local\nvim\init.lua:0
162.983  000.004  000.004: sourcing nvim_exec2() called at C:\Users\malco\AppData\Local\nvim\init.lua:0
167.440  002.566  002.566: require('overseer')
167.636  003.122  000.556: sourcing C:/Users/malco/AppData/Local/nvim-data/lazy/overseer.nvim/plugin/overseer.lua
167.679  003.411  000.289: sourcing nvim_exec2() called at C:\Users\malco\AppData\Local\nvim\init.lua:0
167.704  000.008  000.008: sourcing nvim_exec2() called at C:\Users\malco\AppData\Local\nvim\init.lua:0
167.780  000.004  000.004: sourcing nvim_exec2() called at C:\Users\malco\AppData\Local\nvim\init.lua:0
169.091  001.137  001.137: require('overseer.config')
171.834  000.013  000.013: sourcing nvim_exec2() called at C:\Users\malco\AppData\Local\nvim\init.lua:0
171.883  000.004  000.004: sourcing nvim_exec2() called at C:\Users\malco\AppData\Local\nvim\init.lua:0
173.338  000.008  000.008: sourcing nvim_exec2() called at C:\Users\malco\AppData\Local\nvim\init.lua:0
173.514  000.036  000.036: sourcing nvim_exec2() called at C:\Users\malco\AppData\Local\nvim\init.lua:0
175.226  000.008  000.008: sourcing nvim_exec2() called at C:\Users\malco\AppData\Local\nvim\init.lua:0
175.273  000.004  000.004: sourcing nvim_exec2() called at C:\Users\malco\AppData\Local\nvim\init.lua:0
176.306  000.698  000.698: sourcing C:/Users/malco/AppData/Local/nvim-data/lazy/nvim-dap/plugin/dap.lua
176.338  000.954  000.256: sourcing nvim_exec2() called at C:\Users\malco\AppData\Local\nvim\init.lua:0
176.357  000.005  000.005: sourcing nvim_exec2() called at C:\Users\malco\AppData\Local\nvim\init.lua:0
176.416  000.004  000.004: sourcing nvim_exec2() called at C:\Users\malco\AppData\Local\nvim\init.lua:0
180.252  002.909  002.909: require('dap.utils')
180.374  011.141  007.196: require('dap')
181.902  000.530  000.530: require('overseer.enum')
181.918  000.926  000.395: require('overseer.constants')
182.581  000.657  000.657: require('overseer.log')
184.575  000.577  000.577: require('overseer.parselib')
185.966  000.690  000.690: require('overseer.files')
185.979  001.392  000.701: require('overseer.vscode.variables')
185.998  002.715  000.747: require('overseer.vscode.problem_matcher')
186.008  003.415  000.700: require('overseer.vscode')
186.014  005.632  000.634: require('overseer.dap')
186.664  000.645  000.645: require('dap.ext.vscode')
187.243  000.569  000.569: require('overseer.json')
187.973  000.144  000.144: sourcing C:/Users/malco/AppData/Local/nvim-data/lazy/nightfox.nvim/plugin/nightfox.vim
188.000  000.422  000.278: sourcing nvim_exec2() called at C:\Users\malco\AppData\Local\nvim\init.lua:0
188.071  000.007  000.007: sourcing nvim_exec2() called at C:\Users\malco\AppData\Local\nvim\init.lua:0
188.132  000.004  000.004: sourcing nvim_exec2() called at C:\Users\malco\AppData\Local\nvim\init.lua:0
189.694  000.008  000.008: sourcing nvim_exec2() called at C:\Users\malco\AppData\Local\nvim\init.lua:0
189.777  000.004  000.004: sourcing nvim_exec2() called at C:\Users\malco\AppData\Local\nvim\init.lua:0
191.594  000.009  000.009: sourcing nvim_exec2() called at C:\Users\malco\AppData\Local\nvim\init.lua:0
191.645  000.004  000.004: sourcing nvim_exec2() called at C:\Users\malco\AppData\Local\nvim\init.lua:0
193.248  000.009  000.009: sourcing nvim_exec2() called at C:\Users\malco\AppData\Local\nvim\init.lua:0
194.029  000.008  000.008: sourcing nvim_exec2() called at C:\Users\malco\AppData\Local\nvim\init.lua:0
198.109  000.653  000.653: require('mason-core.path')
199.918  000.520  000.520: require('mason-core.functional.data')
200.522  000.588  000.588: require('mason-core.functional.function')
201.145  000.604  000.604: require('mason-core.functional.list')
201.830  000.665  000.665: require('mason-core.functional.relation')
202.572  000.724  000.724: require('mason-core.functional.logic')
203.105  000.516  000.516: require('mason-core.functional.number')
203.713  000.589  000.589: require('mason-core.functional.string')
204.320  000.591  000.591: require('mason-core.functional.table')
204.976  000.639  000.639: require('mason-core.functional.type')
205.031  006.323  000.885: require('mason-core.functional')
205.162  007.037  000.714: require('mason-core.platform')
205.947  000.778  000.778: require('mason.settings')
205.963  009.118  000.650: require('mason-core.installer.InstallLocation')
207.928  000.669  000.669: require('mason-core.log')
207.940  001.236  000.566: require('mason-core.EventEmitter')
208.634  000.688  000.688: require('mason-registry.sources')
208.656  002.687  000.763: require('mason-registry')
208.663  014.339  002.534: require('mason')
209.749  000.712  000.712: require('mason.api.command')
211.044  000.587  000.587: sourcing C:/Users/malco/AppData/Local/nvim-data/lazy/nvim-lspconfig/plugin/lspconfig.lua
211.078  000.913  000.326: sourcing nvim_exec2() called at C:\Users\malco\AppData\Local\nvim\init.lua:0
211.142  000.009  000.009: sourcing nvim_exec2() called at C:\Users\malco\AppData\Local\nvim\init.lua:0
211.236  000.004  000.004: sourcing nvim_exec2() called at C:\Users\malco\AppData\Local\nvim\init.lua:0
213.115  000.008  000.008: sourcing nvim_exec2() called at C:\Users\malco\AppData\Local\nvim\init.lua:0
213.163  000.004  000.004: sourcing nvim_exec2() called at C:\Users\malco\AppData\Local\nvim\init.lua:0
216.884  000.901  000.901: sourcing C:/Users/malco/AppData/Local/nvim-data/lazy/vim-floaterm/plugin/floaterm.vim
216.915  001.277  000.375: sourcing nvim_exec2() called at C:\Users\malco\AppData\Local\nvim\init.lua:0
216.936  000.004  000.004: sourcing nvim_exec2() called at C:\Users\malco\AppData\Local\nvim\init.lua:0
217.012  000.004  000.004: sourcing nvim_exec2() called at C:\Users\malco\AppData\Local\nvim\init.lua:0
223.206  003.405  003.405: require('snacks')
223.220  003.845  000.441: sourcing C:/Users/malco/AppData/Local/nvim-data/lazy/snacks.nvim/plugin/snacks.lua
223.251  004.123  000.278: sourcing nvim_exec2() called at C:\Users\malco\AppData\Local\nvim\init.lua:0
223.275  000.009  000.009: sourcing nvim_exec2() called at C:\Users\malco\AppData\Local\nvim\init.lua:0
223.337  000.004  000.004: sourcing nvim_exec2() called at C:\Users\malco\AppData\Local\nvim\init.lua:0
225.964  000.180  000.180: sourcing C:/Users/malco/AppData/Local/nvim-data/lazy/plenary.nvim/plugin/plenary.vim
225.990  000.436  000.256: sourcing nvim_exec2() called at C:\Users\malco\AppData\Local\nvim\init.lua:0
226.009  000.003  000.003: sourcing nvim_exec2() called at C:\Users\malco\AppData\Local\nvim\init.lua:0
226.066  000.004  000.004: sourcing nvim_exec2() called at C:\Users\malco\AppData\Local\nvim\init.lua:0
228.181  000.009  000.009: sourcing nvim_exec2() called at C:\Users\malco\AppData\Local\nvim\init.lua:0
228.230  000.004  000.004: sourcing nvim_exec2() called at C:\Users\malco\AppData\Local\nvim\init.lua:0
229.582  000.875  000.875: sourcing C:/Users/malco/AppData/Local/nvim-data/lazy/telescope.nvim/plugin/telescope.lua
229.623  001.154  000.279: sourcing nvim_exec2() called at C:\Users\malco\AppData\Local\nvim\init.lua:0
229.644  000.006  000.006: sourcing nvim_exec2() called at C:\Users\malco\AppData\Local\nvim\init.lua:0
229.717  000.004  000.004: sourcing nvim_exec2() called at C:\Users\malco\AppData\Local\nvim\init.lua:0
234.460  000.170  000.170: sourcing C:/Users/malco/AppData/Local/nvim-data/lazy/nvim-web-devicons/plugin/nvim-web-devicons.vim
234.487  000.430  000.261: sourcing nvim_exec2() called at C:\Users\malco\AppData\Local\nvim\init.lua:0
234.508  000.004  000.004: sourcing nvim_exec2() called at C:\Users\malco\AppData\Local\nvim\init.lua:0
234.583  000.004  000.004: sourcing nvim_exec2() called at C:\Users\malco\AppData\Local\nvim\init.lua:0
237.421  000.024  000.024: sourcing nvim_exec2() called at C:\Users\malco\AppData\Local\nvim\init.lua:0
237.481  000.004  000.004: sourcing nvim_exec2() called at C:\Users\malco\AppData\Local\nvim\init.lua:0
238.899  001.020  001.020: sourcing C:/Users/malco/AppData/Local/nvim-data/lazy/neo-tree.nvim/plugin/neo-tree.lua
238.943  001.324  000.305: sourcing nvim_exec2() called at C:\Users\malco\AppData\Local\nvim\init.lua:0
238.963  000.006  000.006: sourcing nvim_exec2() called at C:\Users\malco\AppData\Local\nvim\init.lua:0
239.039  000.004  000.004: sourcing nvim_exec2() called at C:\Users\malco\AppData\Local\nvim\init.lua:0
242.109  000.020  000.020: sourcing nvim_exec2() called at C:\Users\malco\AppData\Local\nvim\init.lua:0
242.248  000.010  000.010: sourcing nvim_exec2() called at C:\Users\malco\AppData\Local\nvim\init.lua:0
244.612  000.009  000.009: sourcing nvim_exec2() called at C:\Users\malco\AppData\Local\nvim\init.lua:0
244.663  000.004  000.004: sourcing nvim_exec2() called at C:\Users\malco\AppData\Local\nvim\init.lua:0
246.888  000.007  000.007: sourcing nvim_exec2() called at C:\Users\malco\AppData\Local\nvim\init.lua:0
246.938  000.004  000.004: sourcing nvim_exec2() called at C:\Users\malco\AppData\Local\nvim\init.lua:0
249.672  000.012  000.012: sourcing nvim_exec2() called at C:\Users\malco\AppData\Local\nvim\init.lua:0
249.964  000.011  000.011: sourcing nvim_exec2() called at C:\Users\malco\AppData\Local\nvim\init.lua:0
259.170  000.638  000.638: require('vim.treesitter.language')
260.087  000.895  000.895: require('vim.func')
260.796  000.692  000.692: require('vim.treesitter._range')
261.506  000.692  000.692: require('vim.func._memoize')
261.583  003.942  001.025: require('vim.treesitter.query')
261.607  005.491  001.549: require('vim.treesitter.languagetree')
261.622  006.998  001.507: require('vim.treesitter')
261.807  008.216  001.218: sourcing C:/Users/malco/AppData/Local/nvim-data/lazy/nvim-treesitter/plugin/filetypes.lua
261.858  008.532  000.317: sourcing nvim_exec2() called at C:\Users\malco\AppData\Local\nvim\init.lua:0
262.736  000.515  000.515: sourcing C:/Users/malco/AppData/Local/nvim-data/lazy/nvim-treesitter/plugin/nvim-treesitter.lua
262.764  000.880  000.365: sourcing nvim_exec2() called at C:\Users\malco\AppData\Local\nvim\init.lua:0
263.493  000.442  000.442: sourcing C:/Users/malco/AppData/Local/nvim-data/lazy/nvim-treesitter/plugin/query_predicates.lua
263.522  000.738  000.296: sourcing nvim_exec2() called at C:\Users\malco\AppData\Local\nvim\init.lua:0
263.573  000.034  000.034: sourcing nvim_exec2() called at C:\Users\malco\AppData\Local\nvim\init.lua:0
263.674  000.005  000.005: sourcing nvim_exec2() called at C:\Users\malco\AppData\Local\nvim\init.lua:0
264.798  000.560  000.560: sourcing C:\Program Files\Neovim\share/nvim/runtime/plugin/editorconfig.lua
264.834  000.841  000.281: sourcing nvim_exec2() called at C:\Users\malco\AppData\Local\nvim\init.lua:0
265.596  000.470  000.470: sourcing C:\Program Files\Neovim\share/nvim/runtime/plugin/gzip.vim
265.622  000.772  000.301: sourcing nvim_exec2() called at C:\Users\malco\AppData\Local\nvim\init.lua:0
266.334  000.441  000.441: sourcing C:\Program Files\Neovim\share/nvim/runtime/plugin/man.lua
266.364  000.721  000.280: sourcing nvim_exec2() called at C:\Users\malco\AppData\Local\nvim\init.lua:0
271.414  000.694  000.694: sourcing C:\Program Files\Neovim\share\nvim\runtime\pack\dist\opt\matchit\plugin\matchit.vim
271.531  004.909  004.216: sourcing C:\Program Files\Neovim\share/nvim/runtime/plugin/matchit.vim
271.552  005.173  000.264: sourcing nvim_exec2() called at C:\Users\malco\AppData\Local\nvim\init.lua:0
272.376  000.534  000.534: sourcing C:\Program Files\Neovim\share/nvim/runtime/plugin/matchparen.vim
272.500  000.918  000.383: sourcing nvim_exec2() called at C:\Users\malco\AppData\Local\nvim\init.lua:0
273.402  000.614  000.614: sourcing C:\Program Files\Neovim\share/nvim/runtime/plugin/net.lua
273.435  000.905  000.292: sourcing nvim_exec2() called at C:\Users\malco\AppData\Local\nvim\init.lua:0
278.518  000.748  000.748: sourcing C:\Program Files\Neovim\share\nvim\runtime\pack\dist\opt\netrw\plugin\netrwPlugin.vim
278.624  004.871  004.122: sourcing C:\Program Files\Neovim\share/nvim/runtime/plugin/netrwPlugin.vim
278.644  005.193  000.322: sourcing nvim_exec2() called at C:\Users\malco\AppData\Local\nvim\init.lua:0
279.454  000.495  000.495: sourcing C:\Program Files\Neovim\share/nvim/runtime/plugin/osc52.lua
279.482  000.807  000.312: sourcing nvim_exec2() called at C:\Users\malco\AppData\Local\nvim\init.lua:0
280.674  000.804  000.804: sourcing C:\Program Files\Neovim\share/nvim/runtime/plugin/rplugin.vim
280.700  001.148  000.344: sourcing nvim_exec2() called at C:\Users\malco\AppData\Local\nvim\init.lua:0
281.508  000.518  000.518: sourcing C:\Program Files\Neovim\share/nvim/runtime/plugin/shada.lua
281.543  000.822  000.304: sourcing nvim_exec2() called at C:\Users\malco\AppData\Local\nvim\init.lua:0
282.340  000.474  000.474: sourcing C:\Program Files\Neovim\share/nvim/runtime/plugin/spellfile.lua
282.373  000.814  000.340: sourcing nvim_exec2() called at C:\Users\malco\AppData\Local\nvim\init.lua:0
283.034  000.319  000.319: sourcing C:\Program Files\Neovim\share/nvim/runtime/plugin/tarPlugin.vim
283.061  000.644  000.325: sourcing nvim_exec2() called at C:\Users\malco\AppData\Local\nvim\init.lua:0
283.530  000.125  000.125: sourcing C:\Program Files\Neovim\share/nvim/runtime/plugin/tutor.vim
283.553  000.450  000.325: sourcing nvim_exec2() called at C:\Users\malco\AppData\Local\nvim\init.lua:0
284.273  000.362  000.362: sourcing C:\Program Files\Neovim\share/nvim/runtime/plugin/zipPlugin.vim
284.298  000.707  000.345: sourcing nvim_exec2() called at C:\Users\malco\AppData\Local\nvim\init.lua:0
286.997  000.548  000.548: require('nio.tasks')
287.652  000.643  000.643: require('nio.control')
288.450  000.786  000.786: require('nio.uv')
289.235  000.773  000.773: require('nio.tests')
290.222  000.567  000.567: require('vim.ui')
290.239  000.993  000.426: require('nio.ui')
291.317  000.515  000.515: require('nio.streams')
291.329  001.086  000.571: require('nio.file')
292.983  000.401  000.401: require('nio.util')
293.595  000.569  000.569: require('vim.iter')
294.020  002.089  001.119: require('nio.logger')
294.038  002.705  000.616: require('nio.lsp')
294.632  000.588  000.588: require('nio.process')
294.706  009.005  000.882: require('nio')
297.313  000.050  000.050: sourcing nvim_exec2() called at C:\Users\malco\AppData\Local\nvim\init.lua:0
297.327  000.551  000.501: require('dapui.config.highlights')
297.391  000.054  000.054: sourcing nvim_exec2() called at C:\Users\malco\AppData\Local\nvim\init.lua:0
297.500  001.486  000.881: require('dapui.config')
297.512  002.170  000.684: require('dapui.util')
298.104  000.587  000.587: require('dapui.windows.layout')
298.118  003.405  000.649: require('dapui.windows')
298.618  000.494  000.494: require('dapui.controls')
298.634  013.841  000.936: require('dapui')
299.246  000.607  000.607: require('nvim-dap-virtual-text')
299.329  000.019  000.019: sourcing nvim_exec2() called at C:\Users\malco\AppData\Local\nvim\init.lua:0
299.365  000.026  000.026: sourcing nvim_exec2() called at C:\Users\malco\AppData\Local\nvim\init.lua:0
299.520  000.040  000.040: sourcing nvim_exec2() called at C:\Users\malco\AppData\Local\nvim\init.lua:0
301.600  001.209  001.209: require('dapui.client.types')
301.630  001.991  000.782: require('dapui.client')
302.625  000.984  000.984: require('dap.breakpoints')
303.416  000.762  000.762: require('dapui.client.lib')
304.722  000.616  000.616: require('dapui.render.canvas')
304.735  001.293  000.677: require('dapui.elements.breakpoints')
305.511  000.742  000.742: require('dapui.components.breakpoints')
306.315  000.727  000.727: require('dapui.elements.repl')
306.879  000.550  000.550: require('dapui.elements.scopes')
307.467  000.556  000.556: require('dapui.components.scopes')
308.025  000.547  000.547: require('dapui.components.variables')
309.053  000.996  000.996: require('dapui.elements.stacks')
310.469  000.780  000.780: require('dapui.components.frames')
310.483  001.398  000.618: require('dapui.components.threads')
311.138  000.620  000.620: require('dapui.elements.watches')
311.862  000.694  000.694: require('dapui.components.watches')
312.690  000.795  000.795: require('dapui.elements.hover')
313.263  000.541  000.541: require('dapui.components.hover')
313.945  000.662  000.662: require('dapui.elements.console')
320.394  000.457  000.457: sourcing C:/Users/malco/AppData/Local/nvim-data/lazy/which-key.nvim/plugin/which-key.lua
320.427  000.793  000.336: sourcing nvim_exec2() called at C:\Users\malco\AppData\Local\nvim\init.lua:0
320.453  000.008  000.008: sourcing nvim_exec2() called at C:\Users\malco\AppData\Local\nvim\init.lua:0
320.531  000.004  000.004: sourcing nvim_exec2() called at C:\Users\malco\AppData\Local\nvim\init.lua:0
323.902  003.271  003.271: require('which-key')
324.915  001.001  001.001: require('which-key.config')
325.039  010.914  005.836: require('which-key')
326.798  000.168  000.168: require('vim.F')
327.080  002.022  001.854: require('vim.diagnostic')
331.499  002.505  002.505: require('vim.lsp.protocol')
331.695  003.488  000.983: require('vim.lsp.log')
332.886  001.177  001.177: require('vim.lsp.util')
334.892  000.977  000.977: require('vim.lsp.sync')
334.967  002.067  001.090: require('vim.lsp._changetracking')
337.271  001.396  001.396: require('vim.lsp._transport')
337.406  000.123  000.123: require('vim._core.stringbuffer')
337.436  002.458  000.939: require('vim.lsp.rpc')
337.547  010.459  001.268: require('vim.lsp')
340.181  001.030  001.030: require('lspconfig.util')
345.338  000.767  000.767: require('nvim-treesitter')
346.968  000.764  000.764: require('nvim-treesitter.async')
347.803  000.821  000.821: require('nvim-treesitter.config')
348.576  000.759  000.759: require('nvim-treesitter.log')
350.069  001.477  001.477: require('nvim-treesitter.parsers')
350.733  000.649  000.649: require('nvim-treesitter.util')
350.767  005.410  000.940: require('nvim-treesitter.install')
351.499  000.720  000.720: require('nvim-treesitter.parsers')
352.496  000.019  000.019: sourcing nvim_exec2() called at C:\Users\malco\AppData\Local\nvim\init.lua:0
352.549  000.004  000.004: sourcing nvim_exec2() called at C:\Users\malco\AppData\Local\nvim\init.lua:0
353.814  002.009  001.986: require('mini.diff')
356.128  000.762  000.762: require('lualine_require')
363.554  009.212  008.450: require('lualine')
364.330  000.036  000.036: sourcing nvim_exec2() called at C:\Users\malco\AppData\Local\nvim\init.lua:0
373.973  000.031  000.031: sourcing nvim_exec2() called at C:\Users\malco\AppData\Local\nvim\init.lua:0
374.015  000.009  000.009: sourcing nvim_exec2() called at C:\Users\malco\AppData\Local\nvim\init.lua:0
374.037  000.006  000.006: sourcing nvim_exec2() called at C:\Users\malco\AppData\Local\nvim\init.lua:0
374.052  000.004  000.004: sourcing nvim_exec2() called at C:\Users\malco\AppData\Local\nvim\init.lua:0
374.070  000.006  000.006: sourcing nvim_exec2() called at C:\Users\malco\AppData\Local\nvim\init.lua:0
374.089  000.006  000.006: sourcing nvim_exec2() called at C:\Users\malco\AppData\Local\nvim\init.lua:0
374.104  000.005  000.005: sourcing nvim_exec2() called at C:\Users\malco\AppData\Local\nvim\init.lua:0
374.120  000.005  000.005: sourcing nvim_exec2() called at C:\Users\malco\AppData\Local\nvim\init.lua:0
374.133  000.004  000.004: sourcing nvim_exec2() called at C:\Users\malco\AppData\Local\nvim\init.lua:0
374.147  000.004  000.004: sourcing nvim_exec2() called at C:\Users\malco\AppData\Local\nvim\init.lua:0
374.164  000.006  000.006: sourcing nvim_exec2() called at C:\Users\malco\AppData\Local\nvim\init.lua:0
374.178  000.005  000.005: sourcing nvim_exec2() called at C:\Users\malco\AppData\Local\nvim\init.lua:0
374.288  000.030  000.030: sourcing nvim_exec2() called at C:\Users\malco\AppData\Local\nvim\init.lua:0
388.526  000.963  000.963: require('lualine.utils.mode')
396.673  000.108  000.108: sourcing nvim_exec2() called at C:\Users\malco\AppData\Local\nvim\init.lua:0
396.718  000.020  000.020: sourcing nvim_exec2() called at C:\Users\malco\AppData\Local\nvim\init.lua:0
399.782  000.026  000.026: sourcing nvim_exec2() called at C:\Users\malco\AppData\Local\nvim\init.lua:0
399.815  000.006  000.006: sourcing nvim_exec2() called at C:\Users\malco\AppData\Local\nvim\init.lua:0
399.835  000.006  000.006: sourcing nvim_exec2() called at C:\Users\malco\AppData\Local\nvim\init.lua:0
399.855  000.005  000.005: sourcing nvim_exec2() called at C:\Users\malco\AppData\Local\nvim\init.lua:0
399.869  000.004  000.004: sourcing nvim_exec2() called at C:\Users\malco\AppData\Local\nvim\init.lua:0
399.883  000.004  000.004: sourcing nvim_exec2() called at C:\Users\malco\AppData\Local\nvim\init.lua:0
399.900  000.005  000.005: sourcing nvim_exec2() called at C:\Users\malco\AppData\Local\nvim\init.lua:0
399.918  000.005  000.005: sourcing nvim_exec2() called at C:\Users\malco\AppData\Local\nvim\init.lua:0
399.932  000.003  000.003: sourcing nvim_exec2() called at C:\Users\malco\AppData\Local\nvim\init.lua:0
399.945  000.003  000.003: sourcing nvim_exec2() called at C:\Users\malco\AppData\Local\nvim\init.lua:0
399.960  000.004  000.004: sourcing nvim_exec2() called at C:\Users\malco\AppData\Local\nvim\init.lua:0
399.973  000.004  000.004: sourcing nvim_exec2() called at C:\Users\malco\AppData\Local\nvim\init.lua:0
399.986  000.004  000.004: sourcing nvim_exec2() called at C:\Users\malco\AppData\Local\nvim\init.lua:0
400.001  000.004  000.004: sourcing nvim_exec2() called at C:\Users\malco\AppData\Local\nvim\init.lua:0
400.018  000.005  000.005: sourcing nvim_exec2() called at C:\Users\malco\AppData\Local\nvim\init.lua:0
400.069  000.006  000.006: sourcing nvim_exec2() called at C:\Users\malco\AppData\Local\nvim\init.lua:0
400.087  000.004  000.004: sourcing nvim_exec2() called at C:\Users\malco\AppData\Local\nvim\init.lua:0
400.205  000.007  000.007: sourcing nvim_exec2() called at C:\Users\malco\AppData\Local\nvim\init.lua:0
400.222  000.004  000.004: sourcing nvim_exec2() called at C:\Users\malco\AppData\Local\nvim\init.lua:0
400.240  000.005  000.005: sourcing nvim_exec2() called at C:\Users\malco\AppData\Local\nvim\init.lua:0
400.272  000.005  000.005: sourcing nvim_exec2() called at C:\Users\malco\AppData\Local\nvim\init.lua:0
402.276  000.104  000.104: sourcing nvim_exec2() called at C:\Users\malco\AppData\Local\nvim\init.lua:0
402.303  000.006  000.006: sourcing nvim_exec2() called at C:\Users\malco\AppData\Local\nvim\init.lua:0
402.380  000.068  000.068: sourcing nvim_exec2() called at C:\Users\malco\AppData\Local\nvim\init.lua:0
402.402  000.012  000.012: sourcing nvim_exec2() called at C:\Users\malco\AppData\Local\nvim\init.lua:0
430.104  000.032  000.032: sourcing nvim_exec2() called at C:\Users\malco\AppData\Local\nvim\init.lua:0
430.138  000.005  000.005: sourcing nvim_exec2() called at C:\Users\malco\AppData\Local\nvim\init.lua:0
430.155  000.005  000.005: sourcing nvim_exec2() called at C:\Users\malco\AppData\Local\nvim\init.lua:0
430.180  000.005  000.005: sourcing nvim_exec2() called at C:\Users\malco\AppData\Local\nvim\init.lua:0
430.193  000.003  000.003: sourcing nvim_exec2() called at C:\Users\malco\AppData\Local\nvim\init.lua:0
430.206  000.004  000.004: sourcing nvim_exec2() called at C:\Users\malco\AppData\Local\nvim\init.lua:0
430.223  000.004  000.004: sourcing nvim_exec2() called at C:\Users\malco\AppData\Local\nvim\init.lua:0
430.244  000.008  000.008: sourcing nvim_exec2() called at C:\Users\malco\AppData\Local\nvim\init.lua:0
430.258  000.004  000.004: sourcing nvim_exec2() called at C:\Users\malco\AppData\Local\nvim\init.lua:0
430.272  000.004  000.004: sourcing nvim_exec2() called at C:\Users\malco\AppData\Local\nvim\init.lua:0
430.285  000.004  000.004: sourcing nvim_exec2() called at C:\Users\malco\AppData\Local\nvim\init.lua:0
430.300  000.004  000.004: sourcing nvim_exec2() called at C:\Users\malco\AppData\Local\nvim\init.lua:0
430.312  000.004  000.004: sourcing nvim_exec2() called at C:\Users\malco\AppData\Local\nvim\init.lua:0
430.326  000.004  000.004: sourcing nvim_exec2() called at C:\Users\malco\AppData\Local\nvim\init.lua:0
430.342  000.004  000.004: sourcing nvim_exec2() called at C:\Users\malco\AppData\Local\nvim\init.lua:0
430.460  000.007  000.007: sourcing nvim_exec2() called at C:\Users\malco\AppData\Local\nvim\init.lua:0
430.480  000.004  000.004: sourcing nvim_exec2() called at C:\Users\malco\AppData\Local\nvim\init.lua:0
430.491  000.003  000.003: sourcing nvim_exec2() called at C:\Users\malco\AppData\Local\nvim\init.lua:0
430.505  000.004  000.004: sourcing nvim_exec2() called at C:\Users\malco\AppData\Local\nvim\init.lua:0
430.516  000.004  000.004: sourcing nvim_exec2() called at C:\Users\malco\AppData\Local\nvim\init.lua:0
430.528  000.004  000.004: sourcing nvim_exec2() called at C:\Users\malco\AppData\Local\nvim\init.lua:0
430.545  000.004  000.004: sourcing nvim_exec2() called at C:\Users\malco\AppData\Local\nvim\init.lua:0
430.556  000.003  000.003: sourcing nvim_exec2() called at C:\Users\malco\AppData\Local\nvim\init.lua:0
430.594  000.005  000.005: sourcing nvim_exec2() called at C:\Users\malco\AppData\Local\nvim\init.lua:0
430.607  000.004  000.004: sourcing nvim_exec2() called at C:\Users\malco\AppData\Local\nvim\init.lua:0
430.618  000.004  000.004: sourcing nvim_exec2() called at C:\Users\malco\AppData\Local\nvim\init.lua:0
430.631  000.004  000.004: sourcing nvim_exec2() called at C:\Users\malco\AppData\Local\nvim\init.lua:0
430.648  000.004  000.004: sourcing nvim_exec2() called at C:\Users\malco\AppData\Local\nvim\init.lua:0
434.964  000.040  000.040: sourcing nvim_exec2() called at C:\Users\malco\AppData\Local\nvim\init.lua:0
435.132  000.090  000.090: sourcing nvim_exec2() called at C:\Users\malco\AppData\Local\nvim\init.lua:0
435.178  000.035  000.035: sourcing nvim_exec2() called at C:\Users\malco\AppData\Local\nvim\init.lua:0
435.201  000.011  000.011: sourcing nvim_exec2() called at C:\Users\malco\AppData\Local\nvim\init.lua:0
435.217  000.007  000.007: sourcing nvim_exec2() called at C:\Users\malco\AppData\Local\nvim\init.lua:0
436.820  000.713  000.713: require('rosebones.util')
438.654  000.693  000.693: require('rosebones.colors')
438.672  001.838  001.145: require('rosebones.theme')
439.385  000.707  000.707: require('rosebones.config')
439.401  004.157  000.900: require('rosebones')
453.594  000.924  000.924: require('rose-pine.config')
453.615  002.506  001.582: require('rose-pine')
454.451  000.656  000.656: sourcing nvim_exec2() called at C:\Users\malco\AppData\Local\nvim-data\lazy\rose-pine\colors\rose-pine.lua:0
454.876  000.403  000.403: sourcing nvim_exec2() called at C:\Users\malco\AppData\Local\nvim-data\lazy\rose-pine\colors\rose-pine.lua:0
455.920  001.030  001.030: require('rose-pine.utilities')
456.537  000.605  000.605: require('rose-pine.palette')
458.639  000.043  000.043: sourcing nvim_exec2() called at C:\Users\malco\AppData\Local\nvim-data\lazy\rose-pine\colors\rose-pine.lua:0
458.651  008.059  002.815: sourcing C:\Users\malco\AppData\Local\nvim-data\lazy\rose-pine\colors\rose-pine.lua
458.912  000.034  000.034: sourcing nvim_exec2() called at ColorScheme Autocommands for "*":0
459.290  000.023  000.023: sourcing nvim_exec2() called at ColorScheme Autocommands for "*":0
462.942  000.012  000.012: sourcing nvim_exec2() called at ColorScheme Autocommands for "*":0
462.960  000.002  000.002: sourcing nvim_exec2() called at ColorScheme Autocommands for "*":0
462.967  000.002  000.002: sourcing nvim_exec2() called at ColorScheme Autocommands for "*":0
462.974  000.002  000.002: sourcing nvim_exec2() called at ColorScheme Autocommands for "*":0
462.981  000.002  000.002: sourcing nvim_exec2() called at ColorScheme Autocommands for "*":0
462.986  000.001  000.001: sourcing nvim_exec2() called at ColorScheme Autocommands for "*":0
463.092  000.003  000.003: sourcing nvim_exec2() called at ColorScheme Autocommands for "*":0
463.100  000.002  000.002: sourcing nvim_exec2() called at ColorScheme Autocommands for "*":0
463.107  000.001  000.001: sourcing nvim_exec2() called at ColorScheme Autocommands for "*":0
463.112  000.001  000.001: sourcing nvim_exec2() called at ColorScheme Autocommands for "*":0
463.117  000.001  000.001: sourcing nvim_exec2() called at ColorScheme Autocommands for "*":0
463.125  000.002  000.002: sourcing nvim_exec2() called at ColorScheme Autocommands for "*":0
463.130  000.002  000.002: sourcing nvim_exec2() called at ColorScheme Autocommands for "*":0
463.136  000.002  000.002: sourcing nvim_exec2() called at ColorScheme Autocommands for "*":0
463.142  000.001  000.001: sourcing nvim_exec2() called at ColorScheme Autocommands for "*":0
463.147  000.001  000.001: sourcing nvim_exec2() called at ColorScheme Autocommands for "*":0
463.153  000.002  000.002: sourcing nvim_exec2() called at ColorScheme Autocommands for "*":0
463.161  000.002  000.002: sourcing nvim_exec2() called at ColorScheme Autocommands for "*":0
463.167  000.001  000.001: sourcing nvim_exec2() called at ColorScheme Autocommands for "*":0
463.173  000.001  000.001: sourcing nvim_exec2() called at ColorScheme Autocommands for "*":0
463.178  000.001  000.001: sourcing nvim_exec2() called at ColorScheme Autocommands for "*":0
463.184  000.001  000.001: sourcing nvim_exec2() called at ColorScheme Autocommands for "*":0
463.190  000.002  000.002: sourcing nvim_exec2() called at ColorScheme Autocommands for "*":0
463.196  000.001  000.001: sourcing nvim_exec2() called at ColorScheme Autocommands for "*":0
463.201  000.001  000.001: sourcing nvim_exec2() called at ColorScheme Autocommands for "*":0
463.208  000.002  000.002: sourcing nvim_exec2() called at ColorScheme Autocommands for "*":0
463.214  000.002  000.002: sourcing nvim_exec2() called at ColorScheme Autocommands for "*":0
463.219  000.002  000.002: sourcing nvim_exec2() called at ColorScheme Autocommands for "*":0
463.228  000.001  000.001: sourcing nvim_exec2() called at ColorScheme Autocommands for "*":0
463.233  000.001  000.001: sourcing nvim_exec2() called at ColorScheme Autocommands for "*":0
463.239  000.002  000.002: sourcing nvim_exec2() called at ColorScheme Autocommands for "*":0
463.244  000.001  000.001: sourcing nvim_exec2() called at ColorScheme Autocommands for "*":0
463.250  000.001  000.001: sourcing nvim_exec2() called at ColorScheme Autocommands for "*":0
463.259  000.001  000.001: sourcing nvim_exec2() called at ColorScheme Autocommands for "*":0
463.264  000.001  000.001: sourcing nvim_exec2() called at ColorScheme Autocommands for "*":0
463.269  000.001  000.001: sourcing nvim_exec2() called at ColorScheme Autocommands for "*":0
463.274  000.002  000.002: sourcing nvim_exec2() called at ColorScheme Autocommands for "*":0
463.280  000.001  000.001: sourcing nvim_exec2() called at ColorScheme Autocommands for "*":0
463.285  000.001  000.001: sourcing nvim_exec2() called at ColorScheme Autocommands for "*":0
463.292  000.002  000.002: sourcing nvim_exec2() called at ColorScheme Autocommands for "*":0
463.298  000.001  000.001: sourcing nvim_exec2() called at ColorScheme Autocommands for "*":0
463.303  000.001  000.001: sourcing nvim_exec2() called at ColorScheme Autocommands for "*":0
463.310  000.002  000.002: sourcing nvim_exec2() called at ColorScheme Autocommands for "*":0
463.315  000.001  000.001: sourcing nvim_exec2() called at ColorScheme Autocommands for "*":0
463.323  000.002  000.002: sourcing nvim_exec2() called at ColorScheme Autocommands for "*":0
463.328  000.001  000.001: sourcing nvim_exec2() called at ColorScheme Autocommands for "*":0
463.334  000.002  000.002: sourcing nvim_exec2() called at ColorScheme Autocommands for "*":0
463.339  000.001  000.001: sourcing nvim_exec2() called at ColorScheme Autocommands for "*":0
463.344  000.001  000.001: sourcing nvim_exec2() called at ColorScheme Autocommands for "*":0
463.350  000.001  000.001: sourcing nvim_exec2() called at ColorScheme Autocommands for "*":0
463.356  000.001  000.001: sourcing nvim_exec2() called at ColorScheme Autocommands for "*":0
463.362  000.002  000.002: sourcing nvim_exec2() called at ColorScheme Autocommands for "*":0
463.368  000.001  000.001: sourcing nvim_exec2() called at ColorScheme Autocommands for "*":0
463.373  000.001  000.001: sourcing nvim_exec2() called at ColorScheme Autocommands for "*":0
463.378  000.001  000.001: sourcing nvim_exec2() called at ColorScheme Autocommands for "*":0
463.418  000.003  000.003: sourcing nvim_exec2() called at ColorScheme Autocommands for "*":0
463.426  000.002  000.002: sourcing nvim_exec2() called at ColorScheme Autocommands for "*":0
463.435  000.001  000.001: sourcing nvim_exec2() called at ColorScheme Autocommands for "*":0
463.441  000.001  000.001: sourcing nvim_exec2() called at ColorScheme Autocommands for "*":0
463.446  000.002  000.002: sourcing nvim_exec2() called at ColorScheme Autocommands for "*":0
463.452  000.002  000.002: sourcing nvim_exec2() called at ColorScheme Autocommands for "*":0
463.457  000.001  000.001: sourcing nvim_exec2() called at ColorScheme Autocommands for "*":0
463.464  000.001  000.001: sourcing nvim_exec2() called at ColorScheme Autocommands for "*":0
463.469  000.001  000.001: sourcing nvim_exec2() called at ColorScheme Autocommands for "*":0
463.474  000.001  000.001: sourcing nvim_exec2() called at ColorScheme Autocommands for "*":0
463.479  000.002  000.002: sourcing nvim_exec2() called at ColorScheme Autocommands for "*":0
463.512  000.008  000.008: sourcing nvim_exec2() called at ColorScheme Autocommands for "*":0
463.541  000.006  000.006: sourcing nvim_exec2() called at ColorScheme Autocommands for "*":0
463.553  000.003  000.003: sourcing nvim_exec2() called at ColorScheme Autocommands for "*":0
463.628  000.005  000.005: sourcing nvim_exec2() called at ColorScheme Autocommands for "*":0
463.646  000.005  000.005: sourcing nvim_exec2() called at ColorScheme Autocommands for "*":0
463.659  000.004  000.004: sourcing nvim_exec2() called at ColorScheme Autocommands for "*":0
463.676  000.003  000.003: sourcing nvim_exec2() called at ColorScheme Autocommands for "*":0
463.691  000.004  000.004: sourcing nvim_exec2() called at ColorScheme Autocommands for "*":0
463.708  000.004  000.004: sourcing nvim_exec2() called at ColorScheme Autocommands for "*":0
463.724  000.003  000.003: sourcing nvim_exec2() called at ColorScheme Autocommands for "*":0
463.736  000.004  000.004: sourcing nvim_exec2() called at ColorScheme Autocommands for "*":0
463.747  000.003  000.003: sourcing nvim_exec2() called at ColorScheme Autocommands for "*":0
463.757  000.003  000.003: sourcing nvim_exec2() called at ColorScheme Autocommands for "*":0
463.769  000.004  000.004: sourcing nvim_exec2() called at ColorScheme Autocommands for "*":0
463.783  000.003  000.003: sourcing nvim_exec2() called at ColorScheme Autocommands for "*":0
463.793  000.003  000.003: sourcing nvim_exec2() called at ColorScheme Autocommands for "*":0
463.808  000.004  000.004: sourcing nvim_exec2() called at ColorScheme Autocommands for "*":0
463.820  000.003  000.003: sourcing nvim_exec2() called at ColorScheme Autocommands for "*":0
463.829  000.003  000.003: sourcing nvim_exec2() called at ColorScheme Autocommands for "*":0
463.858  000.020  000.020: sourcing nvim_exec2() called at ColorScheme Autocommands for "*":0
464.178  000.065  000.065: sourcing nvim_exec2() called at ColorScheme Autocommands for "*":0
464.196  000.008  000.008: sourcing nvim_exec2() called at ColorScheme Autocommands for "*":0
464.400  000.008  000.008: sourcing nvim_exec2() called at ColorScheme Autocommands for "*":0
464.415  000.003  000.003: sourcing nvim_exec2() called at ColorScheme Autocommands for "*":0
464.431  000.003  000.003: sourcing nvim_exec2() called at ColorScheme Autocommands for "*":0
464.445  000.003  000.003: sourcing nvim_exec2() called at ColorScheme Autocommands for "*":0
464.455  000.003  000.003: sourcing nvim_exec2() called at ColorScheme Autocommands for "*":0
464.471  000.003  000.003: sourcing nvim_exec2() called at ColorScheme Autocommands for "*":0
464.544  000.006  000.006: sourcing nvim_exec2() called at ColorScheme Autocommands for "*":0
464.562  000.003  000.003: sourcing nvim_exec2() called at ColorScheme Autocommands for "*":0
464.574  000.003  000.003: sourcing nvim_exec2() called at ColorScheme Autocommands for "*":0
464.632  000.003  000.003: sourcing nvim_exec2() called at ColorScheme Autocommands for "*":0
464.669  000.003  000.003: sourcing nvim_exec2() called at ColorScheme Autocommands for "*":0
464.704  000.003  000.003: sourcing nvim_exec2() called at ColorScheme Autocommands for "*":0
464.718  000.003  000.003: sourcing nvim_exec2() called at ColorScheme Autocommands for "*":0
464.752  000.004  000.004: sourcing nvim_exec2() called at ColorScheme Autocommands for "*":0
464.789  000.005  000.005: sourcing nvim_exec2() called at ColorScheme Autocommands for "*":0
464.806  000.003  000.003: sourcing nvim_exec2() called at ColorScheme Autocommands for "*":0
464.819  000.003  000.003: sourcing nvim_exec2() called at ColorScheme Autocommands for "*":0
464.829  000.003  000.003: sourcing nvim_exec2() called at ColorScheme Autocommands for "*":0
464.843  000.003  000.003: sourcing nvim_exec2() called at ColorScheme Autocommands for "*":0
464.854  000.003  000.003: sourcing nvim_exec2() called at ColorScheme Autocommands for "*":0
464.865  000.003  000.003: sourcing nvim_exec2() called at ColorScheme Autocommands for "*":0
464.939  000.063  000.063: sourcing nvim_exec2() called at ColorScheme Autocommands for "*":0
464.952  000.005  000.005: sourcing nvim_exec2() called at ColorScheme Autocommands for "*":0
465.010  000.054  000.054: sourcing nvim_exec2() called at ColorScheme Autocommands for "*":0
465.022  000.007  000.007: sourcing nvim_exec2() called at ColorScheme Autocommands for "*":0
497.462  000.033  000.033: sourcing nvim_exec2() called at ColorScheme Autocommands for "*":0
497.502  000.005  000.005: sourcing nvim_exec2() called at ColorScheme Autocommands for "*":0
497.522  000.004  000.004: sourcing nvim_exec2() called at ColorScheme Autocommands for "*":0
497.545  000.006  000.006: sourcing nvim_exec2() called at ColorScheme Autocommands for "*":0
497.563  000.004  000.004: sourcing nvim_exec2() called at ColorScheme Autocommands for "*":0
497.583  000.004  000.004: sourcing nvim_exec2() called at ColorScheme Autocommands for "*":0
497.604  000.005  000.005: sourcing nvim_exec2() called at ColorScheme Autocommands for "*":0
497.631  000.008  000.008: sourcing nvim_exec2() called at ColorScheme Autocommands for "*":0
497.655  000.004  000.004: sourcing nvim_exec2() called at ColorScheme Autocommands for "*":0
497.671  000.004  000.004: sourcing nvim_exec2() called at ColorScheme Autocommands for "*":0
497.687  000.004  000.004: sourcing nvim_exec2() called at ColorScheme Autocommands for "*":0
497.710  000.004  000.004: sourcing nvim_exec2() called at ColorScheme Autocommands for "*":0
497.730  000.004  000.004: sourcing nvim_exec2() called at ColorScheme Autocommands for "*":0
497.751  000.005  000.005: sourcing nvim_exec2() called at ColorScheme Autocommands for "*":0
497.839  000.006  000.006: sourcing nvim_exec2() called at ColorScheme Autocommands for "*":0
497.859  000.004  000.004: sourcing nvim_exec2() called at ColorScheme Autocommands for "*":0
497.878  000.004  000.004: sourcing nvim_exec2() called at ColorScheme Autocommands for "*":0
497.892  000.004  000.004: sourcing nvim_exec2() called at ColorScheme Autocommands for "*":0
497.910  000.005  000.005: sourcing nvim_exec2() called at ColorScheme Autocommands for "*":0
497.925  000.004  000.004: sourcing nvim_exec2() called at ColorScheme Autocommands for "*":0
497.940  000.004  000.004: sourcing nvim_exec2() called at ColorScheme Autocommands for "*":0
497.964  000.005  000.005: sourcing nvim_exec2() called at ColorScheme Autocommands for "*":0
497.978  000.004  000.004: sourcing nvim_exec2() called at ColorScheme Autocommands for "*":0
497.995  000.003  000.003: sourcing nvim_exec2() called at ColorScheme Autocommands for "*":0
498.020  000.004  000.004: sourcing nvim_exec2() called at ColorScheme Autocommands for "*":0
498.034  000.004  000.004: sourcing nvim_exec2() called at ColorScheme Autocommands for "*":0
498.049  000.004  000.004: sourcing nvim_exec2() called at ColorScheme Autocommands for "*":0
498.067  000.004  000.004: sourcing nvim_exec2() called at ColorScheme Autocommands for "*":0
498.397  000.043  000.043: sourcing nvim_exec2() called at ColorScheme Autocommands for "*":0
498.537  000.100  000.100: sourcing nvim_exec2() called at ColorScheme Autocommands for "*":0
498.585  000.036  000.036: sourcing nvim_exec2() called at ColorScheme Autocommands for "*":0
498.608  000.012  000.012: sourcing nvim_exec2() called at ColorScheme Autocommands for "*":0
498.626  000.007  000.007: sourcing nvim_exec2() called at ColorScheme Autocommands for "*":0
498.661  059.190  050.251: sourcing nvim_exec2() called at C:\Users\malco\AppData\Local\nvim\init.lua:0
498.671  389.478  137.744: sourcing C:\Users\malco\AppData\Local\nvim\init.lua
498.785  001.545: sourcing vimrc file(s)
501.595  000.388  000.388: sourcing C:\Program Files\Neovim\share\nvim\runtime\filetype.lua
505.375  000.483  000.483: sourcing C:\Program Files\Neovim\share\nvim\runtime\syntax\synload.vim
505.711  002.968  002.485: sourcing C:\Program Files\Neovim\share/nvim/runtime/syntax/syntax.vim
505.838  003.697: inits 3
511.596  005.757: reading ShaDa
520.466  006.653  006.653: require('vim.filetype')
527.015  000.176  000.176: sourcing C:\Program Files\Neovim\share\nvim\runtime\ftplugin\odin.vim
530.402  000.235  000.235: sourcing C:\Program Files\Neovim\share\nvim\runtime\indent\odin.vim
533.486  002.747  002.747: require('vim.lsp.client')
549.511  000.361  000.361: sourcing C:\Program Files\Neovim\share\nvim\runtime\syntax\odin.vim
550.921  000.879  000.879: require('editorconfig')
551.557  028.910: opening buffers
570.293  018.736: BufEnter autocommands
570.327  000.035: editing files in windows
571.015  000.042  000.042: sourcing nvim_exec2() called at OptionSet Autocommands for "background":0
574.557  000.016  000.016: sourcing nvim_exec2() called at OptionSet Autocommands for "background":0
574.579  000.005  000.005: sourcing nvim_exec2() called at OptionSet Autocommands for "background":0
574.590  000.003  000.003: sourcing nvim_exec2() called at OptionSet Autocommands for "background":0
574.599  000.003  000.003: sourcing nvim_exec2() called at OptionSet Autocommands for "background":0
574.608  000.002  000.002: sourcing nvim_exec2() called at OptionSet Autocommands for "background":0
574.617  000.003  000.003: sourcing nvim_exec2() called at OptionSet Autocommands for "background":0
574.626  000.003  000.003: sourcing nvim_exec2() called at OptionSet Autocommands for "background":0
574.635  000.002  000.002: sourcing nvim_exec2() called at OptionSet Autocommands for "background":0
574.643  000.002  000.002: sourcing nvim_exec2() called at OptionSet Autocommands for "background":0
574.650  000.002  000.002: sourcing nvim_exec2() called at OptionSet Autocommands for "background":0
574.659  000.003  000.003: sourcing nvim_exec2() called at OptionSet Autocommands for "background":0
574.666  000.002  000.002: sourcing nvim_exec2() called at OptionSet Autocommands for "background":0
574.674  000.002  000.002: sourcing nvim_exec2() called at OptionSet Autocommands for "background":0
574.684  000.004  000.004: sourcing nvim_exec2() called at OptionSet Autocommands for "background":0
574.692  000.002  000.002: sourcing nvim_exec2() called at OptionSet Autocommands for "background":0
574.701  000.002  000.002: sourcing nvim_exec2() called at OptionSet Autocommands for "background":0
574.708  000.002  000.002: sourcing nvim_exec2() called at OptionSet Autocommands for "background":0
574.716  000.002  000.002: sourcing nvim_exec2() called at OptionSet Autocommands for "background":0
574.724  000.002  000.002: sourcing nvim_exec2() called at OptionSet Autocommands for "background":0
574.732  000.003  000.003: sourcing nvim_exec2() called at OptionSet Autocommands for "background":0
574.803  000.003  000.003: sourcing nvim_exec2() called at OptionSet Autocommands for "background":0
574.813  000.002  000.002: sourcing nvim_exec2() called at OptionSet Autocommands for "background":0
574.822  000.002  000.002: sourcing nvim_exec2() called at OptionSet Autocommands for "background":0
574.829  000.002  000.002: sourcing nvim_exec2() called at OptionSet Autocommands for "background":0
574.837  000.002  000.002: sourcing nvim_exec2() called at OptionSet Autocommands for "background":0
574.844  000.002  000.002: sourcing nvim_exec2() called at OptionSet Autocommands for "background":0
574.852  000.002  000.002: sourcing nvim_exec2() called at OptionSet Autocommands for "background":0
574.859  000.002  000.002: sourcing nvim_exec2() called at OptionSet Autocommands for "background":0
574.869  000.003  000.003: sourcing nvim_exec2() called at OptionSet Autocommands for "background":0
574.877  000.003  000.003: sourcing nvim_exec2() called at OptionSet Autocommands for "background":0
574.906  000.003  000.003: sourcing nvim_exec2() called at OptionSet Autocommands for "background":0
574.914  000.002  000.002: sourcing nvim_exec2() called at OptionSet Autocommands for "background":0
574.922  000.003  000.003: sourcing nvim_exec2() called at OptionSet Autocommands for "background":0
574.931  000.003  000.003: sourcing nvim_exec2() called at OptionSet Autocommands for "background":0
574.939  000.002  000.002: sourcing nvim_exec2() called at OptionSet Autocommands for "background":0
574.947  000.002  000.002: sourcing nvim_exec2() called at OptionSet Autocommands for "background":0
574.955  000.002  000.002: sourcing nvim_exec2() called at OptionSet Autocommands for "background":0
574.963  000.002  000.002: sourcing nvim_exec2() called at OptionSet Autocommands for "background":0
574.971  000.002  000.002: sourcing nvim_exec2() called at OptionSet Autocommands for "background":0
574.978  000.002  000.002: sourcing nvim_exec2() called at OptionSet Autocommands for "background":0
574.986  000.002  000.002: sourcing nvim_exec2() called at OptionSet Autocommands for "background":0
574.994  000.002  000.002: sourcing nvim_exec2() called at OptionSet Autocommands for "background":0
575.002  000.002  000.002: sourcing nvim_exec2() called at OptionSet Autocommands for "background":0
575.009  000.002  000.002: sourcing nvim_exec2() called at OptionSet Autocommands for "background":0
575.017  000.002  000.002: sourcing nvim_exec2() called at OptionSet Autocommands for "background":0
575.024  000.002  000.002: sourcing nvim_exec2() called at OptionSet Autocommands for "background":0
575.032  000.002  000.002: sourcing nvim_exec2() called at OptionSet Autocommands for "background":0
575.039  000.002  000.002: sourcing nvim_exec2() called at OptionSet Autocommands for "background":0
575.048  000.003  000.003: sourcing nvim_exec2() called at OptionSet Autocommands for "background":0
575.055  000.002  000.002: sourcing nvim_exec2() called at OptionSet Autocommands for "background":0
575.063  000.002  000.002: sourcing nvim_exec2() called at OptionSet Autocommands for "background":0
575.070  000.002  000.002: sourcing nvim_exec2() called at OptionSet Autocommands for "background":0
575.078  000.002  000.002: sourcing nvim_exec2() called at OptionSet Autocommands for "background":0
575.085  000.002  000.002: sourcing nvim_exec2() called at OptionSet Autocommands for "background":0
575.092  000.002  000.002: sourcing nvim_exec2() called at OptionSet Autocommands for "background":0
575.100  000.002  000.002: sourcing nvim_exec2() called at OptionSet Autocommands for "background":0
575.108  000.003  000.003: sourcing nvim_exec2() called at OptionSet Autocommands for "background":0
575.116  000.002  000.002: sourcing nvim_exec2() called at OptionSet Autocommands for "background":0
575.123  000.002  000.002: sourcing nvim_exec2() called at OptionSet Autocommands for "background":0
575.130  000.002  000.002: sourcing nvim_exec2() called at OptionSet Autocommands for "background":0
575.138  000.002  000.002: sourcing nvim_exec2() called at OptionSet Autocommands for "background":0
575.145  000.002  000.002: sourcing nvim_exec2() called at OptionSet Autocommands for "background":0
575.153  000.002  000.002: sourcing nvim_exec2() called at OptionSet Autocommands for "background":0
575.161  000.002  000.002: sourcing nvim_exec2() called at OptionSet Autocommands for "background":0
575.169  000.002  000.002: sourcing nvim_exec2() called at OptionSet Autocommands for "background":0
575.176  000.002  000.002: sourcing nvim_exec2() called at OptionSet Autocommands for "background":0
575.183  000.002  000.002: sourcing nvim_exec2() called at OptionSet Autocommands for "background":0
575.190  000.002  000.002: sourcing nvim_exec2() called at OptionSet Autocommands for "background":0
575.197  000.002  000.002: sourcing nvim_exec2() called at OptionSet Autocommands for "background":0
575.243  000.012  000.012: sourcing nvim_exec2() called at OptionSet Autocommands for "background":0
575.279  000.006  000.006: sourcing nvim_exec2() called at OptionSet Autocommands for "background":0
575.294  000.004  000.004: sourcing nvim_exec2() called at OptionSet Autocommands for "background":0
575.308  000.003  000.003: sourcing nvim_exec2() called at OptionSet Autocommands for "background":0
575.326  000.005  000.005: sourcing nvim_exec2() called at OptionSet Autocommands for "background":0
575.341  000.005  000.005: sourcing nvim_exec2() called at OptionSet Autocommands for "background":0
575.355  000.004  000.004: sourcing nvim_exec2() called at OptionSet Autocommands for "background":0
575.372  000.005  000.005: sourcing nvim_exec2() called at OptionSet Autocommands for "background":0
575.385  000.004  000.004: sourcing nvim_exec2() called at OptionSet Autocommands for "background":0
575.397  000.003  000.003: sourcing nvim_exec2() called at OptionSet Autocommands for "background":0
575.526  000.009  000.009: sourcing nvim_exec2() called at OptionSet Autocommands for "background":0
575.543  000.004  000.004: sourcing nvim_exec2() called at OptionSet Autocommands for "background":0
575.557  000.004  000.004: sourcing nvim_exec2() called at OptionSet Autocommands for "background":0
575.611  000.007  000.007: sourcing nvim_exec2() called at OptionSet Autocommands for "background":0
575.628  000.004  000.004: sourcing nvim_exec2() called at OptionSet Autocommands for "background":0
575.640  000.004  000.004: sourcing nvim_exec2() called at OptionSet Autocommands for "background":0
575.656  000.005  000.005: sourcing nvim_exec2() called at OptionSet Autocommands for "background":0
575.669  000.003  000.003: sourcing nvim_exec2() called at OptionSet Autocommands for "background":0
575.683  000.004  000.004: sourcing nvim_exec2() called at OptionSet Autocommands for "background":0
575.749  000.032  000.032: sourcing nvim_exec2() called at OptionSet Autocommands for "background":0
576.198  000.093  000.093: sourcing nvim_exec2() called at OptionSet Autocommands for "background":0
576.229  000.014  000.014: sourcing nvim_exec2() called at OptionSet Autocommands for "background":0
576.317  000.008  000.008: sourcing nvim_exec2() called at OptionSet Autocommands for "background":0
576.333  000.004  000.004: sourcing nvim_exec2() called at OptionSet Autocommands for "background":0
576.349  000.004  000.004: sourcing nvim_exec2() called at OptionSet Autocommands for "background":0
576.363  000.004  000.004: sourcing nvim_exec2() called at OptionSet Autocommands for "background":0
576.378  000.004  000.004: sourcing nvim_exec2() called at OptionSet Autocommands for "background":0
576.394  000.004  000.004: sourcing nvim_exec2() called at OptionSet Autocommands for "background":0
576.409  000.004  000.004: sourcing nvim_exec2() called at OptionSet Autocommands for "background":0
576.427  000.004  000.004: sourcing nvim_exec2() called at OptionSet Autocommands for "background":0
576.440  000.004  000.004: sourcing nvim_exec2() called at OptionSet Autocommands for "background":0
576.454  000.004  000.004: sourcing nvim_exec2() called at OptionSet Autocommands for "background":0
576.520  000.006  000.006: sourcing nvim_exec2() called at OptionSet Autocommands for "background":0
576.534  000.004  000.004: sourcing nvim_exec2() called at OptionSet Autocommands for "background":0
576.549  000.005  000.005: sourcing nvim_exec2() called at OptionSet Autocommands for "background":0
576.566  000.004  000.004: sourcing nvim_exec2() called at OptionSet Autocommands for "background":0
576.659  000.006  000.006: sourcing nvim_exec2() called at OptionSet Autocommands for "background":0
576.674  000.004  000.004: sourcing nvim_exec2() called at OptionSet Autocommands for "background":0
576.687  000.004  000.004: sourcing nvim_exec2() called at OptionSet Autocommands for "background":0
576.702  000.004  000.004: sourcing nvim_exec2() called at OptionSet Autocommands for "background":0
576.715  000.004  000.004: sourcing nvim_exec2() called at OptionSet Autocommands for "background":0
576.728  000.004  000.004: sourcing nvim_exec2() called at OptionSet Autocommands for "background":0
576.741  000.004  000.004: sourcing nvim_exec2() called at OptionSet Autocommands for "background":0
576.834  000.083  000.083: sourcing nvim_exec2() called at OptionSet Autocommands for "background":0
576.849  000.004  000.004: sourcing nvim_exec2() called at OptionSet Autocommands for "background":0
576.949  000.092  000.092: sourcing nvim_exec2() called at OptionSet Autocommands for "background":0
576.970  000.011  000.011: sourcing nvim_exec2() called at OptionSet Autocommands for "background":0
624.062  000.041  000.041: sourcing nvim_exec2() called at OptionSet Autocommands for "background":0
624.110  000.009  000.009: sourcing nvim_exec2() called at OptionSet Autocommands for "background":0
624.134  000.006  000.006: sourcing nvim_exec2() called at OptionSet Autocommands for "background":0
624.158  000.008  000.008: sourcing nvim_exec2() called at OptionSet Autocommands for "background":0
624.179  000.006  000.006: sourcing nvim_exec2() called at OptionSet Autocommands for "background":0
624.198  000.006  000.006: sourcing nvim_exec2() called at OptionSet Autocommands for "background":0
624.220  000.007  000.007: sourcing nvim_exec2() called at OptionSet Autocommands for "background":0
624.303  000.007  000.007: sourcing nvim_exec2() called at OptionSet Autocommands for "background":0
624.322  000.005  000.005: sourcing nvim_exec2() called at OptionSet Autocommands for "background":0
624.340  000.006  000.006: sourcing nvim_exec2() called at OptionSet Autocommands for "background":0
624.357  000.005  000.005: sourcing nvim_exec2() called at OptionSet Autocommands for "background":0
624.375  000.005  000.005: sourcing nvim_exec2() called at OptionSet Autocommands for "background":0
624.392  000.005  000.005: sourcing nvim_exec2() called at OptionSet Autocommands for "background":0
624.410  000.006  000.006: sourcing nvim_exec2() called at OptionSet Autocommands for "background":0
624.473  000.006  000.006: sourcing nvim_exec2() called at OptionSet Autocommands for "background":0
624.490  000.006  000.006: sourcing nvim_exec2() called at OptionSet Autocommands for "background":0
624.506  000.005  000.005: sourcing nvim_exec2() called at OptionSet Autocommands for "background":0
624.521  000.006  000.006: sourcing nvim_exec2() called at OptionSet Autocommands for "background":0
624.538  000.006  000.006: sourcing nvim_exec2() called at OptionSet Autocommands for "background":0
624.554  000.006  000.006: sourcing nvim_exec2() called at OptionSet Autocommands for "background":0
624.570  000.005  000.005: sourcing nvim_exec2() called at OptionSet Autocommands for "background":0
624.627  000.009  000.009: sourcing nvim_exec2() called at OptionSet Autocommands for "background":0
624.644  000.005  000.005: sourcing nvim_exec2() called at OptionSet Autocommands for "background":0
624.660  000.005  000.005: sourcing nvim_exec2() called at OptionSet Autocommands for "background":0
624.684  000.005  000.005: sourcing nvim_exec2() called at OptionSet Autocommands for "background":0
624.700  000.005  000.005: sourcing nvim_exec2() called at OptionSet Autocommands for "background":0
624.716  000.005  000.005: sourcing nvim_exec2() called at OptionSet Autocommands for "background":0
624.732  000.005  000.005: sourcing nvim_exec2() called at OptionSet Autocommands for "background":0
624.960  000.045  000.045: sourcing nvim_exec2() called at OptionSet Autocommands for "background":0
625.131  000.133  000.133: sourcing nvim_exec2() called at OptionSet Autocommands for "background":0
625.188  000.040  000.040: sourcing nvim_exec2() called at OptionSet Autocommands for "background":0
625.217  000.015  000.015: sourcing nvim_exec2() called at OptionSet Autocommands for "background":0
625.237  000.009  000.009: sourcing nvim_exec2() called at OptionSet Autocommands for "background":0
627.514  001.097  001.097: sourcing C:/Users/malco/AppData/Local/nvim-data/lazy/dashboard-nvim/plugin/dashboard.lua
627.561  001.560  000.464: sourcing nvim_exec2() called at VimEnter Autocommands for "*":0
627.590  000.009  000.009: sourcing nvim_exec2() called at VimEnter Autocommands for "*":0
627.688  000.007  000.007: sourcing nvim_exec2() called at VimEnter Autocommands for "*":0
634.141  000.841  000.841: require('dashboard.utils')
634.165  006.396  005.554: require('dashboard')
635.179  055.708: VimEnter autocommands
635.589  000.410: UIEnter autocommands
637.767  002.177: before starting main loop
639.561  001.795: first screen update
639.575  000.014: --- NVIM STARTED ---

